../Core/Src/main.c:622:6:BSP_PB_Callback	0	static
../Core/Src/main.c:634:6:Error_Handler	8	static,ignoring_inline_asm
../Core/Src/main.c:264:6:SystemClock_Config	120	static
../Core/Src/main.c:548:6:HAL_FDCAN_RxFifo0Callback	24	static
../Core/Src/main.c:590:6:HAL_FDCAN_RxFifo1Callback	16	static
../Core/Src/main.c:651:6:send_can_cmd	64	static
../Core/Src/main.c:676:6:send_CLOSED_LOOP_CONTROL	0	static
../Core/Src/main.c:690:6:send_IDLE	0	static
../Core/Src/main.c:703:6:send_Control_Mode	0	static
../Core/Src/main.c:715:6:send_position	24	static
../Core/Src/main.c:108:5:main	88	static
